commit 1342f119005cdde1ed631de7a36291a04ac2de6f
Author: sailaja <abcd@gmail.com>
Date:   Wed Apr 20 02:25:06 2022 +0000

    1st commit
